[sophiekerboul.com/index.html]
[backblue.gif]
[fade.gif]
[index.html]
[sophiekerboul.com/wp-content/plugins/contact-form-7/includes/css/styles11b8.css]
[sophiekerboul.com/wp-content/themes/customizr/inc/assets/css/tc_common.mindd6f.css]
[sophiekerboul.com/wp-content/themes/customizr/inc/assets/css/green.mindd6f.css]
[sophiekerboul.com/wp-content/themes/customizr/inc/assets/css/fonts/fonts/fontawesome-webfont.eot]
[sophiekerboul.com/wp-content/themes/customizr/inc/assets/css/fonts/fonts/fontawesome-webfontd41d.eot]
[sophiekerboul.com/indexd784.html]
[sophiekerboul.com/wp-content/themes/customizr/inc/assets/css/fonts/fonts/fontawesome-webfont.woff]
[sophiekerboul.com/wp-content/themes/customizr/inc/assets/css/fonts/fonts/fontawesome-webfont.ttf]
[sophiekerboul.com/indexa6da.html]
[sophiekerboul.com/wp-content/themes/customizr/inc/assets/img/slider-loader.gif]
[sophiekerboul.com/wp-content/themes/customizr/styledd6f.css]
[sophiekerboul.com/wp-content/themes/customizr/inc/assets/js/fancybox/jquery.fancybox-1.3.4.minf9f9.css]
[sophiekerboul.com/wp-includes/js/jquery/jqueryb8ff.js]
[sophiekerboul.com/wp-includes/js/jquery/jquery-migrate.min330a.js]
[sophiekerboul.com/wp-content/themes/customizr/inc/assets/js/fancybox/jquery.fancybox-1.3.4.mindd6f.js]
[sophiekerboul.com/wp-content/themes/customizr/inc/assets/js/tc-scripts.mindd6f.js]
[sophiekerboul.com/xmlrpc0db0.php]
[sophiekerboul.com/wp-includes/wlwmanifest.xml]
[sophiekerboul.com/index52f0.html]
[sophiekerboul.com/wp-content/uploads/2016/03/Fotolia_93253345_XS-270x250.jpg]
[sophiekerboul.com/wp-content/uploads/2016/03/Fotolia_90796258_XS-270x250.jpg]
[sophiekerboul.com/wp-content/uploads/2016/04/Fotolia_86367758_XS.jpg]
[sophiekerboul.com/wp-content/plugins/contact-form-7/includes/js/jquery.form.mind03d.js]
[sophiekerboul.com/wp-content/plugins/contact-form-7/includes/js/scripts11b8.js]
[sophiekerboul.com/wp-includes/js/jquery/ui/core.mine899.js]
[sophiekerboul.com/index48a6.html]
[sophiekerboul.com/wp-content/themes/customizr/inc/assets/js/modernizr.mindd6f.js]
[sophiekerboul.com/wp-includes/js/wp-embed.minf9f9.js]
[sophiekerboul.com/index.html]
[sophiekerboul.com/xmlrpc.php]
[sophiekerboul.com/wp-content/plugins/contact-form-7/includes/css/styles11b8.css]
[sophiekerboul.com/indexba53.html]
[sophiekerboul.com/index2a9c.html]
[sophiekerboul.com/wp-content/themes/customizr/inc/assets/img/glyphicons-halflings.png]
[sophiekerboul.com/index87dc.html]
[sophiekerboul.com/wp-content/themes/customizr/inc/assets/img/glyphicons-halflings-white.png]
[sophiekerboul.com/wp-content/themes/customizr/inc/assets/css/tc_common.mindd6f.css]
[sophiekerboul.com/wp-content/themes/customizr/inc/assets/css/green.mindd6f.css]
[sophiekerboul.com/index8c8c.html]
[sophiekerboul.com/wp-content/themes/customizr/inc/assets/css/fonts/fonts/fontawesome-webfont.html]
[sophiekerboul.com/wp-content/themes/customizr/inc/assets/css/fonts/fonts/fontawesome-webfont.svg]
[sophiekerboul.com/wp-content/themes/customizr/styledd6f.css]
[sophiekerboul.com/wp-content/themes/customizr/inc/assets/js/fancybox/fancybox.png]
[sophiekerboul.com/indexe90e.html]
[sophiekerboul.com/indexa8b8.html]
[sophiekerboul.com/indexa36b.html]
[sophiekerboul.com/wp-content/themes/customizr/inc/assets/js/fancybox/blank.gif]
[sophiekerboul.com/wp-content/themes/customizr/inc/assets/js/fancybox/fancybox-x.png]
[sophiekerboul.com/wp-content/themes/customizr/inc/assets/js/fancybox/fancybox-y.png]
[sophiekerboul.com/wp-content/themes/customizr/inc/assets/js/fancybox/fancy_title_over.png]
[sophiekerboul.com/wp-content/themes/customizr/inc/assets/js/fancybox/jquery.fancybox-1.3.4.minf9f9.css]
[sophiekerboul.com/wp-content/uploads/2016/03/Fotolia_86367791_XS.jpg]
[sophiekerboul.com/wp-content/uploads/2016/03/Fotolia_103142190_XS.jpg]
[sophiekerboul.com/wp-content/uploads/2016/03/businesseman.jpg]
[sophiekerboul.com/wp-content/uploads/2016/03/Fotolia_75948143_S-849x500.jpg]
[sophiekerboul.com/wp-content/uploads/2016/03/Fotolia_17501597_XS.jpg]
[sophiekerboul.com/wp-content/uploads/2016/04/Fotolia_85250587_S_2.jpg]
[sophiekerboul.com/index3bb2.html]
[sophiekerboul.com/wp-content/uploads/2016/03/Fotolia_71302518_XS-e1457716310694.jpg]
[sophiekerboul.com/wp-content/uploads/2016/03/Fotolia_91030694_S-849x500.jpg]
[sophiekerboul.com/wp-includes/js/comment-reply.minf9f9.js]
[sophiekerboul.com/index48a6.html]
[sophiekerboul.com/wp-content/uploads/2016/03/Fotolia_84045489_XS.jpg]
[sophiekerboul.com/indexbc3e.html]
[sophiekerboul.com/wp-content/uploads/2016/03/Fotolia_86367758_XS.jpg]
[sophiekerboul.com/wp-content/uploads/2016/03/Fotolia_93169222_XS.jpg]
[sophiekerboul.com/wp-content/uploads/2016/03/Fotolia_51970109_S-848x500.jpg]
[sophiekerboul.com/wp-content/uploads/2016/03/Fotolia_98380742_S-848x500.jpg]
[sophiekerboul.com/wp-content/uploads/2016/03/Fotolia_96734379_XS.jpg]
[sophiekerboul.com/index2a9c.html]
[sophiekerboul.com/indexa924.html]
[sophiekerboul.com/wp-content/uploads/2015/12/IMG_20201006_160916-216x300.jpg]
[sophiekerboul.com/indexba53.html]
[sophiekerboul.com/indexc0c8.html]
[sophiekerboul.com/index8e4a.html]
[poiassets.mappy.net/assets/1/common/rating-partner-view.png]
[sophiekerboul.com/index87dc.html]
[sophiekerboul.com/index76cc.html]
[sophiekerboul.com/index45f7.html]
[sophiekerboul.com/index12e1.html]
[sophiekerboul.com/wp-content/uploads/2016/03/Fotolia_86367758_XS-300x200.jpg]
[sophiekerboul.com/indexe90e.html]
[sophiekerboul.com/index7ca6.html]
[sophiekerboul.com/wp-content/uploads/2018/11/images.jpg]
[sophiekerboul.com/wp-content/uploads/2016/03/Fotolia_68628550_XS-300x200.jpg]
[sophiekerboul.com/wp-content/uploads/2018/11/Emotions-et-hypersensibles_imagePanoramique647_286-300x132.jpg]
[sophiekerboul.com/indexc208.html]
[sophiekerboul.com/indexb31a.html]
[sophiekerboul.com/index1257.html]
[sophiekerboul.com/wp-content/uploads/2018/11/hypersensibilités-sensorielles-300x135.jpg]
[sophiekerboul.com/index8c8c.html]
[sophiekerboul.com/indexa8b8.html]
[sophiekerboul.com/indexcd64.html]
[sophiekerboul.com/index34f2.html]
[sophiekerboul.com/indexaf9c.html]
[sophiekerboul.com/index2e84.html]
[sophiekerboul.com/index8c9b.html]
[sophiekerboul.com/wp-content/uploads/2016/03/Fotolia_68628550_XS.jpg]
[sophiekerboul.com/indexa36b.html]
[sophiekerboul.com/indexc471.html]
[sophiekerboul.com/index0ee4.html]
[sophiekerboul.com/index5258.html]
[sophiekerboul.com/indexb5fb.html]
[sophiekerboul.com/index056d.html]
[sophiekerboul.com/index11b0.html]
[sophiekerboul.com/index905b.html]
[sophiekerboul.com/indexb4f4.html]
[sophiekerboul.com/index18ee.html]
[sophiekerboul.com/wp-content/uploads/2016/03/businesseman-570x267.jpg]
[sophiekerboul.com/indexb31a.html]
[sophiekerboul.com/index7e31.html]
[sophiekerboul.com/indexaf9c.html]
[sophiekerboul.com/index8372.html]
[sophiekerboul.com/indexcd64.html]
[sophiekerboul.com/index49e6.html]
[sophiekerboul.com/index9e3c.html]
[sophiekerboul.com/index34f2.html]
[sophiekerboul.com/index78a0.html]
[sophiekerboul.com/indexc88a.html]
[sophiekerboul.com/index5258.html]
[sophiekerboul.com/index0f27.html]
[sophiekerboul.com/indexb4f4.html]
[sophiekerboul.com/indexa561.html]
[sophiekerboul.com/indexc7fb.html]
[sophiekerboul.com/index0f27.html]
[sophiekerboul.com/index9e3c.html]
[sophiekerboul.com/index3ea5.html]
[sophiekerboul.com/indexf706.html]
[sophiekerboul.com/index3ea5.html]
[sophiekerboul.com/indexf706.html]
[sophiekerboul.com/index4902.html]
[sophiekerboul.com/index4902.html]
[sophiekerboul.com/indexa561.html]
[sophiekerboul.com/indexc7fb.html]
